// Jest Snapshot v1, https://goo.gl/fbAQLP

exports[`Extension Unit Tests should not change the existing context menus 1`] = `
Array [
  Object {
    "command": "zowe.uss.createFile",
    "group": "1_create",
    "when": "view == zowe.uss.explorer && viewItem =~ /^directory.*/",
  },
  Object {
    "command": "zowe.uss.createFolder",
    "group": "1_create",
    "when": "view == zowe.uss.explorer && viewItem =~ /^directory.*/",
  },
  Object {
    "command": "zowe.uss.addFavorite",
    "group": "4_workspace",
    "when": "view == zowe.uss.explorer && viewItem =~ /^(?!.*_fav.*)(textFile.*|binaryFile.*|directory.*)/",
  },
  Object {
    "command": "zowe.uss.editFile",
    "group": "inline",
    "when": "view == zowe.uss.explorer && viewItem =~ /^textFile|binaryFile/",
  },
  Object {
    "command": "zowe.uss.refreshUSS",
    "group": "inline",
    "when": "view == zowe.uss.explorer && viewItem =~ /^(?!(directory|ussSession|favorite))/",
  },
  Object {
    "command": "zowe.uss.refreshUSS",
    "group": "0_mainframeInteraction",
    "when": "view == zowe.uss.explorer && viewItem =~ /^(?!(directory|ussSession|favorite))/",
  },
  Object {
    "command": "zowe.uss.deleteNode",
    "group": "6_modification@2",
    "when": "view == zowe.uss.explorer && viewItem =~ /^(?!(ussSession|favorite|.*_fav))/",
  },
  Object {
    "command": "zowe.uss.copyPath",
    "group": "5_copyPath",
    "when": "view == zowe.uss.explorer && viewItem =~ /^(?!(ussSession|favorite))/",
  },
  Object {
    "command": "zowe.uss.editFile",
    "group": "6_modification@0",
    "when": "view == zowe.uss.explorer && viewItem =~ /^textFile|binaryFile/",
  },
  Object {
    "command": "zowe.uss.renameNode",
    "group": "6_modification@1",
    "when": "view == zowe.uss.explorer && viewItem =~ /^(?!(ussSession|favorite))/",
  },
  Object {
    "command": "zowe.uss.binary",
    "group": "3_systemSpecific",
    "when": "view == zowe.uss.explorer && viewItem =~ /^textFile.*/",
  },
  Object {
    "command": "zowe.uss.removeFavorite",
    "group": "4_workspace",
    "when": "view == zowe.uss.explorer && viewItem =~ /^(?!ussSession.*).*_fav.*/",
  },
  Object {
    "command": "zowe.uss.removeSavedSearch",
    "group": "4_workspace",
    "when": "view == zowe.uss.explorer && viewItem =~ /^ussSession.*_fav.*/",
  },
  Object {
    "command": "zowe.uss.text",
    "group": "3_systemSpecific",
    "when": "view == zowe.uss.explorer && viewItem =~ /^binaryFile.*/",
  },
  Object {
    "command": "zowe.uss.uploadDialog",
    "group": "1_create",
    "when": "view == zowe.uss.explorer && viewItem =~ /^directory.*/",
  },
  Object {
    "command": "zowe.editMember",
    "group": "inline",
    "when": "view == zowe.explorer && viewItem =~ /^(member.*|ds.*)/",
  },
  Object {
    "command": "zowe.refreshNode",
    "group": "inline",
    "when": "view == zowe.explorer && viewItem =~ /^(member.*|ds.*)/",
  },
  Object {
    "command": "zowe.refreshNode",
    "group": "0_mainframeInteraction",
    "when": "view == zowe.explorer && viewItem =~ /^(member.*|ds.*)/",
  },
  Object {
    "command": "zowe.deleteMember",
    "group": "6_modification@2",
    "when": "view == zowe.explorer && viewItem =~ /^member.*/",
  },
  Object {
    "command": "zowe.deleteDataset",
    "group": "6_modification@2",
    "when": "view == zowe.explorer && viewItem =~ /^ds.*/",
  },
  Object {
    "command": "zowe.addFavorite",
    "group": "4_workspace",
    "when": "view == zowe.explorer && viewItem =~ /^(?!.*_fav)(member|migr|ds|pds).*/",
  },
  Object {
    "command": "zowe.submitMember",
    "group": "3_systemSpecific",
    "when": "view == zowe.explorer && viewItem =~ /^member.*/",
  },
  Object {
    "command": "zowe.copyDataSet",
    "group": "9_cutcopypaste",
    "when": "view == zowe.explorer && viewItem =~ /^(member|ds).*/",
  },
  Object {
    "command": "zowe.editMember",
    "group": "6_modification@0",
    "when": "view == zowe.explorer && viewItem =~ /^(member|ds).*/",
  },
  Object {
    "command": "zowe.renameDataSetMember",
    "group": "6_modification@2",
    "when": "view == zowe.explorer && viewItem =~ /^member.*/",
  },
  Object {
    "command": "zowe.submitMember",
    "group": "3_systemSpecific",
    "when": "view == zowe.explorer && viewItem =~ /^ds.*/",
  },
  Object {
    "command": "zowe.showDSAttributes",
    "group": "2_information",
    "when": "view == zowe.explorer && viewItem =~ /^ds.*/",
  },
  Object {
    "command": "zowe.renameDataSet",
    "group": "6_modification@2",
    "when": "view == zowe.explorer && viewItem =~ /^ds.*/",
  },
  Object {
    "command": "zowe.pasteDataSet",
    "group": "9_cutcopypaste",
    "when": "view == zowe.explorer && viewItem =~ /^(ds.*|^pds.*)/",
  },
  Object {
    "command": "zowe.hMigrateDataSet",
    "group": "7_hsmcommands",
    "when": "view == zowe.explorer && viewItem =~ /^(ds.*|^pds.*)/",
  },
  Object {
    "command": "zowe.createMember",
    "group": "1_create",
    "when": "view == zowe.explorer && viewItem =~ /^pds.*/",
  },
  Object {
    "command": "zowe.showDSAttributes",
    "group": "2_information",
    "when": "view == zowe.explorer && viewItem =~ /^(pds.*|migr.*)/",
  },
  Object {
    "command": "zowe.deletePDS",
    "group": "6_modification@2",
    "when": "view == zowe.explorer && viewItem =~ /^pds.*/",
  },
  Object {
    "command": "zowe.uploadDialog",
    "group": "1_create",
    "when": "view == zowe.explorer && viewItem =~ /^pds.*/",
  },
  Object {
    "command": "zowe.renameDataSet",
    "group": "6_modification@2",
    "when": "view == zowe.explorer && viewItem =~ /^pds.*/",
  },
  Object {
    "command": "zowe.removeFavorite",
    "group": "4_workspace",
    "when": "view == zowe.explorer && viewItem =~ /^(pds|ds|migr).*_fav.*/",
  },
  Object {
    "command": "zowe.pattern",
    "group": "inline",
    "when": "view == zowe.explorer && viewItem =~ /^(?!.*_fav.*)session.*/",
  },
  Object {
    "command": "zowe.createDataset",
    "group": "inline",
    "when": "view == zowe.explorer && viewItem =~ /^(?!.*_fav.*)session.*/",
  },
  Object {
    "command": "zowe.removeSession",
    "when": "view == zowe.explorer && viewItem =~ /^(?!.*_fav.*)session.*/",
  },
  Object {
    "command": "zowe.saveSearch",
    "group": "4_workspace",
    "when": "view == zowe.explorer && viewItem =~ /^(?!.*_fav.*)session.*/",
  },
  Object {
    "command": "zowe.issueMvsCmd",
    "group": "3_systemSpecific",
    "when": "view == zowe.explorer && viewItem =~ /^(?!.*_fav.*)session.*/",
  },
  Object {
    "command": "zowe.removeSavedSearch",
    "when": "view == zowe.explorer && viewItem =~ /^session.*_fav.*/",
  },
  Object {
    "command": "zowe.uss.fullPath",
    "group": "inline",
    "when": "viewItem =~ /^ussSession.*/",
  },
  Object {
    "command": "zowe.uss.createNode",
    "group": "inline",
    "when": "viewItem =~ /^ussSession.*/",
  },
  Object {
    "command": "zowe.uss.removeSession",
    "when": "viewItem =~ /^(?!.*_fav.*)ussSession.*/",
  },
  Object {
    "command": "zowe.uss.saveSearch",
    "group": "4_workspace",
    "when": "view == zowe.uss.explorer && viewItem =~ /^(?!.*_fav.*)ussSession.*/",
  },
  Object {
    "command": "zowe.issueMvsCmd",
    "group": "3_systemSpecific",
    "when": "view == zowe.uss.explorer && viewItem =~ /^(?!.*_fav.*)ussSession.*/",
  },
  Object {
    "command": "zowe.refreshJobsServer",
    "group": "inline",
    "when": "view == zowe.jobs && viewItem =~ /^(?!.*_fav.*)server.*/",
  },
  Object {
    "command": "zowe.jobs.search",
    "group": "inline",
    "when": "view == zowe.jobs && viewItem =~ /^(?!.*_fav.*)server.*/",
  },
  Object {
    "command": "zowe.setOwner",
    "when": "view == zowe.jobs && viewItem =~ /^(?!.*_fav.*)server.*/",
  },
  Object {
    "command": "zowe.setPrefix",
    "when": "view == zowe.jobs && viewItem =~/^(?!.*_fav.*)server.*/",
  },
  Object {
    "command": "zowe.removeJobsSession",
    "when": "view == zowe.jobs && viewItem =~ /^(?!.*_fav.*)server.*/",
  },
  Object {
    "command": "zowe.deleteJob",
    "group": "inline",
    "when": "view == zowe.jobs && viewItem =~ /^(?!.*_fav.*)job.*/",
  },
  Object {
    "command": "zowe.runModifyCommand",
    "group": "3_systemSpecific",
    "when": "view == zowe.jobs && viewItem =~ /^(?!.*_fav.*)job.*/",
  },
  Object {
    "command": "zowe.runStopCommand",
    "group": "3_systemSpecific",
    "when": "view == zowe.jobs && viewItem =~ /^(?!.*_fav.*)job.*/",
  },
  Object {
    "command": "zowe.downloadSpool",
    "group": "inline",
    "when": "view == zowe.jobs && viewItem =~ /^(?!.*_fav.*)job.*/",
  },
  Object {
    "command": "zowe.jobs.addFavorite",
    "group": "4_workspace",
    "when": "view == zowe.jobs && viewItem =~ /^(?!.*_fav.*)job.*/",
  },
  Object {
    "command": "zowe.jobs.removeFavorite",
    "group": "4_workspace",
    "when": "view == zowe.jobs && viewItem =~ /^job.*_fav.*/",
  },
  Object {
    "command": "zowe.jobs.removeSearchFavorite",
    "group": "4_workspace",
    "when": "view == zowe.jobs && viewItem =~ /^server.*_fav.*/",
  },
  Object {
    "command": "zowe.jobs.saveSearch",
    "group": "4_workspace",
    "when": "view == zowe.jobs && viewItem =~ /^(?!.*_fav.*)server.*/",
  },
  Object {
    "command": "zowe.issueMvsCmd",
    "group": "3_systemSpecific",
    "when": "view == zowe.jobs && viewItem =~ /^(?!.*_fav.*)server.*/",
  },
  Object {
    "command": "zowe.getJobJcl",
    "group": "0_mainframeInteraction",
    "when": "view == zowe.jobs && viewItem =~ /^(?!.*_fav.*)job.*/",
  },
]
`;
