// Jest Snapshot v1, https://goo.gl/fbAQLP

exports[`Unit Tests (Jest) Checks that the ZoweUSSNode structure matches the snapshot 1`] = `
ZoweUSSNode {
  "binary": false,
  "binaryFiles": Object {},
  "children": Array [],
  "collapsibleState": 0,
  "contextValue": "textFile",
  "dirty": true,
  "downloadedInternal": false,
  "downloadedTime": null,
  "etag": "",
  "fullPath": "",
  "iconPath": "Ref: 'document.svg'",
  "label": "testFile",
  "mParent": ZoweUSSNode {
    "binary": false,
    "binaryFiles": Object {},
    "children": Array [],
    "collapsibleState": 1,
    "contextValue": "directory",
    "dirty": true,
    "downloadedInternal": false,
    "downloadedTime": null,
    "etag": "",
    "fullPath": "",
    "iconPath": "Ref: 'folder.svg'",
    "label": "testDir",
    "mParent": ZoweUSSNode {
      "binary": false,
      "binaryFiles": Object {},
      "children": Array [],
      "collapsibleState": 1,
      "contextValue": "ussSession",
      "dirty": true,
      "downloadedInternal": false,
      "downloadedTime": null,
      "etag": "",
      "fullPath": "",
      "iconPath": "Ref: 'folder.svg'",
      "label": "root",
      "mParent": null,
      "mProfileName": "aProfile",
      "parentPath": null,
      "profile": Object {
        "failNotFound": false,
        "message": "",
        "name": "aProfile",
        "profile": Object {},
        "type": "zosmf",
      },
      "profileName": "",
      "session": Session {
        "ISession": Object {
          "hostname": "fake",
          "password": "fake",
          "protocol": "https",
          "type": "basic",
          "user": "fake",
        },
      },
      "shortLabel": "",
    },
    "mProfileName": "aProfile",
    "parentPath": null,
    "profile": Object {
      "failNotFound": false,
      "message": "",
      "name": "aProfile",
      "profile": Object {},
      "type": "zosmf",
    },
    "profileName": "",
    "session": null,
    "shortLabel": "",
  },
  "mProfileName": "aProfile",
  "parentPath": null,
  "profile": Object {
    "failNotFound": false,
    "message": "",
    "name": "aProfile",
    "profile": Object {},
    "type": "zosmf",
  },
  "profileName": "",
  "session": null,
  "shortLabel": "",
}
`;
