// Jest Snapshot v1, https://goo.gl/fbAQLP

exports[`ZoweUSSNode Unit Tests - Initialization of class Checks that the ZoweUSSNode structure matches the snapshot 1`] = `
ZoweUSSNode {
  "binary": false,
  "binaryFiles": {},
  "children": [],
  "collapsibleState": 0,
  "contextValue": "textFile",
  "dirty": true,
  "downloadedInternal": false,
  "downloadedTime": null,
  "etag": "",
  "fullPath": "",
  "iconPath": "Ref: 'document.svg'",
  "id": "<root>.root.testDir.testFile",
  "label": "testFile",
  "mParent": ZoweUSSNode {
    "binary": false,
    "binaryFiles": {},
    "children": [],
    "collapsibleState": 1,
    "contextValue": "directory",
    "dirty": true,
    "downloadedInternal": false,
    "downloadedTime": null,
    "etag": "",
    "fullPath": "",
    "iconPath": "Ref: 'folder.svg'",
    "id": "<root>.root.testDir",
    "label": "testDir",
    "mParent": ZoweUSSNode {
      "binary": false,
      "binaryFiles": {},
      "children": [],
      "collapsibleState": 1,
      "contextValue": "ussSession",
      "dirty": true,
      "downloadedInternal": false,
      "downloadedTime": null,
      "etag": "",
      "fullPath": "",
      "iconPath": "Ref: 'folder.svg'",
      "id": "<root>.root",
      "label": "root",
      "mParent": null,
      "mProfileName": "sestest",
      "parentPath": null,
      "profile": undefined,
      "profileName": "",
      "session": Session {
        "ISession": {
          "hostname": "fake",
          "password": "fake",
          "port": 1443,
          "protocol": "https",
          "type": "basic",
          "user": "fake",
        },
      },
      "shortLabel": "",
    },
    "mProfileName": "sestest",
    "parentPath": null,
    "profile": undefined,
    "profileName": "",
    "session": null,
    "shortLabel": "",
  },
  "mProfileName": "sestest",
  "parentPath": null,
  "profile": undefined,
  "profileName": "",
  "session": null,
  "shortLabel": "",
}
`;
